-------------------------------------------------
Product Data: 
  type: add-on
  vendor: Novell Inc.
  name: OES
  display name: [en] Open Enterprise Server
  description: [en] Opens your server to enterprise
  epoch: 0
  version: 1
  release: 2
  provides: [product] OES  -
  conflicts: 
  obsoletes: 
  freshen: 
  requires: 
Exit Code: 0
