=== step 1 ===
=== step 2 ===
package hello 1.2-1 i586
  Provides: hello == 1.2-1

=== step 3 ===
package hello 1.2-1 i586
  Provides: hello == 1.2-1

package world 1.4-2 i586
  Provides: world == 1.4-2

=== step 4 ===
package world 1.4-2 i586
  Provides: world == 1.4-2

=== step 5 ===
