athlon -> athlon i386 i486 i586 i686 noarch
package test 1.2-1 noarch
package test 1.2-1 i386
package test 1.2-1 i486
package test 1.2-1 i586
package test 1.2-1 i686
package test 1.2-1 athlon

i386 -> i386 noarch
package test 1.2-1 noarch
package test 1.2-1 i386

i486 -> i386 i486 noarch
package test 1.2-1 noarch
package test 1.2-1 i386
package test 1.2-1 i486

i586 -> i386 i486 i586 noarch
package test 1.2-1 noarch
package test 1.2-1 i386
package test 1.2-1 i486
package test 1.2-1 i586

i686 -> i386 i486 i586 i686 noarch
package test 1.2-1 noarch
package test 1.2-1 i386
package test 1.2-1 i486
package test 1.2-1 i586
package test 1.2-1 i686

ia64 -> i386 i486 i586 i686 ia64 noarch
package test 1.2-1 noarch
package test 1.2-1 i386
package test 1.2-1 i486
package test 1.2-1 i586
package test 1.2-1 i686
package test 1.2-1 ia64

noarch -> noarch
package test 1.2-1 noarch

ppc -> noarch ppc
package test 1.2-1 noarch
package test 1.2-1 ppc

ppc64 -> noarch ppc ppc64
package test 1.2-1 noarch
package test 1.2-1 ppc
package test 1.2-1 ppc64

s390 -> noarch s390
package test 1.2-1 noarch
package test 1.2-1 s390

s390x -> noarch s390 s390x
package test 1.2-1 noarch
package test 1.2-1 s390
package test 1.2-1 s390x

x86_64 -> athlon i386 i486 i586 i686 noarch x86_64
package test 1.2-1 noarch
package test 1.2-1 i386
package test 1.2-1 i486
package test 1.2-1 i586
package test 1.2-1 i686
package test 1.2-1 athlon
package test 1.2-1 x86_64

