ZYppException caught
Url scheme requires a host component
