package test 1.2-1 i586
  Summary: A pure test package
  Size: 82.0 K / 41.0 K
  Provides: test == 1.2-1

