ZYppException caught
File ./../../data/privkey.txt doesn't contain public key data
