ZYppException caught
History:
 - Signature verification failed for content
Valid metadata not found at specified URL(s)
